// Vitest Snapshot v1, https://vitest.dev/guide/snapshot.html

exports[`dtoListToMessages > round-trips a realistic mixed conversation 1`] = `
[
  {
    "agentName": undefined,
    "content": "Hello",
    "durationMs": undefined,
    "followup": undefined,
    "id": "u1",
    "iteration": undefined,
    "nodeId": undefined,
    "questionAllowCustomInput": undefined,
    "questionAnswer": undefined,
    "questionHeader": undefined,
    "questionId": undefined,
    "questionInputPlaceholder": undefined,
    "questionInputType": undefined,
    "questionMultiSelect": undefined,
    "questionOptions": undefined,
    "status": "done",
    "thinking": undefined,
    "timestamp": 1000,
    "toolArgs": undefined,
    "toolDurationMs": undefined,
    "toolName": undefined,
    "toolResult": undefined,
    "toolStatus": "done",
    "toolStreamingOutput": undefined,
    "type": "user",
  },
  {
    "agentName": "writer",
    "content": "Hi",
    "durationMs": undefined,
    "followup": undefined,
    "id": "a1",
    "iteration": undefined,
    "nodeId": "writer",
    "questionAllowCustomInput": undefined,
    "questionAnswer": undefined,
    "questionHeader": undefined,
    "questionId": undefined,
    "questionInputPlaceholder": undefined,
    "questionInputType": undefined,
    "questionMultiSelect": undefined,
    "questionOptions": undefined,
    "status": "done",
    "thinking": undefined,
    "timestamp": 1100,
    "toolArgs": undefined,
    "toolDurationMs": undefined,
    "toolName": undefined,
    "toolResult": undefined,
    "toolStatus": "done",
    "toolStreamingOutput": undefined,
    "type": "agent",
  },
  {
    "agentName": undefined,
    "content": "",
    "durationMs": undefined,
    "followup": undefined,
    "id": "t1",
    "iteration": undefined,
    "nodeId": "writer",
    "questionAllowCustomInput": undefined,
    "questionAnswer": undefined,
    "questionHeader": undefined,
    "questionId": undefined,
    "questionInputPlaceholder": undefined,
    "questionInputType": undefined,
    "questionMultiSelect": undefined,
    "questionOptions": undefined,
    "status": "done",
    "thinking": undefined,
    "timestamp": 1200,
    "toolArgs": {
      "cmd": "pwd",
    },
    "toolDurationMs": undefined,
    "toolName": "bash",
    "toolResult": "/tmp",
    "toolStatus": "done",
    "toolStreamingOutput": undefined,
    "type": "tool_call",
  },
]
`;
